<!DOCTYPE html>
<html lang="en">
  <head>
    <meta charset="utf-8"/>
    <link rel="icon" href="https://glitch.com/favicon.ico"/>
    <meta name="viewport" content="width=device-width, initial-scale=1"/>
    <meta name="description" content="A Petz Site"/>
    <link rel="stylesheet" type="text/css" href="/public/style.css"/>
    <link rel="preconnect" href="https://fonts.googleapis.com">
    <link rel="preconnect" href="https://fonts.gstatic.com" crossorigin>
    <link href="https://fonts.googleapis.com/css2?family=Press+Start+2P&display=swap" rel="stylesheet">
    <title>Golden Retriever - Unique Petz</title>

<meta name="description" content="A vintage Petz 4 Site">
<meta name="robots" content="index,follow">
<meta name="author" content="undefined">

<link rel="canonical" href="https://uniquepetz.spellwork.dev//breeds/golden/">

<meta property="og:title" content="Golden Retriever - Unique Petz">
<meta property="og:type" content="article">

<meta property="og:url" content="https://uniquepetz.spellwork.dev//breeds/golden/">
<meta property="og:description" content="A vintage Petz 4 Site">
<meta property="og:image" content="https://cdn.glitch.com/e8c48446-7221-44a1-aabd-d809cd1d1e34%2FButton.png?v=1624822653337">

<meta name="twitter:card" content="summary">

<meta name="twitter:url" content="https://uniquepetz.spellwork.dev//breeds/golden/">
<meta name="twitter:title" content="Golden Retriever - Unique Petz">
<meta name="twitter:description" content="A vintage Petz 4 Site">
<meta name="twitter:image" content="https://cdn.glitch.com/e8c48446-7221-44a1-aabd-d809cd1d1e34%2FButton.png?v=1624822653337">


  </head>
  <body>
    <div id="layout">
      <header class="animal-line pixel">
        <div class="image-cat">
          <img src="/public/images/balance-cat.png" class="pixel desktop-image">
        </div>
        <div class="image-spider">
          <img src="/public/images/spiderz.png" class="pixel desktop-image "></div>
        <div class="image-mouse">
          <img src="/public/images/lilmouse2.png" class="pixel desktop-image ">
        </div>
        <a href="/" class="image-logo"><img src="/public/images/logopixel.png" class="pixel responsive" alt="unique petz home"></a>
      </header>
      <nav class="pixel-border">
        <ul id="menu">
          <li>
            <a href="/about"><img src="/public/images/menu-icon-question.png" class="pixel"><span class="menu-item">About</span>
            </a>
          </li>
          <li>
            <a href="/downloads"><img src="/public/images/menu-icon-download.png" class="pixel">
              <span class="menu-item">Downloads</span>
            </a>
          </li>
          <li>
            <a href="/links"><img src="/public/images/menu-icon-link.png" class="pixel">
              <span class="menu-item">Links</span>
            </a>
          </li>
          <li>
            <a href="/guides"><img src="/public/images/menu-icon-guides.png" class="pixel"><span class="menu-item">Guides</span>
            </a>
          </li>
          <li>
            <a href="/laboratory"><img src="/public/images/menu-icon-lab.png">
              <span class="menu-item">Laboratory</span>
            </a>
          </li>
        </ul>
      </nav>
      <main>
        
<article>
    <h1>Golden Retriever Re-imagined</h1>
<p>The Petz 5 Golden Retriever is essentially a lab with some modifications. I wanted something a bit more fluffy so this is what I came up with. The breed was started as a traditional selective breed and finished as a genexed breed so it is higher gen than most of my genexed breeds. I couldn't decide on which coat worked best so I did two versions!</p>
<img srcset="https://cdn.glitch.com/e8c48446-7221-44a1-aabd-d809cd1d1e34%2Fgoldenfam.png?v=1628384795479 2x">
<p><a href="https://cdn.glitch.com/e8c48446-7221-44a1-aabd-d809cd1d1e34%2Fgolden.zip?v=1628384881376">Download pairs</a></p>
<h2>Standard</h2>
<ul>
<li>Scales: 150</li>
<li>Eye color: Brown or black</li>
<li>Ears: Sheepdog</li>
<li>Head: Labrador</li>
<li>Body: Labrador</li>
<li>Legs: Poodle</li>
<li>Feet: Scottie</li>
<li>Tail: Sheepdog (long)</li>
<li>Coat: Sheepdog or Scottie</li>
</ul>

</article>

      </main>
    </div>
  </body>
</html></body></html>
